// Jest Snapshot v1, https://goo.gl/fbAQLP

exports[`Entries Container Test should enter a new cry and re-render the DOM with the new entry 1`] = `
Object {
  "asFragment": [Function],
  "baseElement": <body>
    <div>
      <div>
        <div>
          <p>
            Your entry was successfully posted. If you think you'll want to modify this entry in the future, store this id to access the entry:
          </p>
          <p>
            24
          </p>
        </div>
        <h2>
          Entries
        </h2>
        <ul>
          <li>
            <p>
              test test didn't cry on 2021-09-27. "aaaaaah"
            </p>
          </li>
          <li>
            <div>
              <p>
                asdf cried on 2021-09-27. "asdf"
              </p>
            </div>
          </li>
          <li>
            <div>
              <p>
                cha cha cha cried on 2021-09-27. "woooooooork it"
              </p>
            </div>
          </li>
          <li>
            <div>
              <p>
                blah blah cried on 2021-09-27. "sdf"
              </p>
            </div>
          </li>
          <li>
            <p>
              please work didn't cry on 2021-09-27. "jafhgkjah"
            </p>
          </li>
          <li>
            <p>
              stuff didn't cry on 2021-09-27. "stuff stuff"
            </p>
          </li>
          <li>
            <p>
              tessssst didn't cry on 2021-09-27. "hi"
            </p>
          </li>
          <li>
            <div>
              <p>
                test3 cried on 2021-09-27. "test3"
              </p>
            </div>
          </li>
          <li>
            <p>
              test2 didn't cry on 2021-09-27. "test2"
            </p>
          </li>
          <li>
            <div>
              <p>
                DJ cried on 2021-09-27. "my sorrow is an ocean"
              </p>
            </div>
          </li>
        </ul>
        <a
          href="/edit"
        >
          <p>
            Edit an existing entry
          </p>
        </a>
      </div>
    </div>
  </body>,
  "container": <div>
    <div>
      <div>
        <p>
          Your entry was successfully posted. If you think you'll want to modify this entry in the future, store this id to access the entry:
        </p>
        <p>
          24
        </p>
      </div>
      <h2>
        Entries
      </h2>
      <ul>
        <li>
          <p>
            test test didn't cry on 2021-09-27. "aaaaaah"
          </p>
        </li>
        <li>
          <div>
            <p>
              asdf cried on 2021-09-27. "asdf"
            </p>
          </div>
        </li>
        <li>
          <div>
            <p>
              cha cha cha cried on 2021-09-27. "woooooooork it"
            </p>
          </div>
        </li>
        <li>
          <div>
            <p>
              blah blah cried on 2021-09-27. "sdf"
            </p>
          </div>
        </li>
        <li>
          <p>
            please work didn't cry on 2021-09-27. "jafhgkjah"
          </p>
        </li>
        <li>
          <p>
            stuff didn't cry on 2021-09-27. "stuff stuff"
          </p>
        </li>
        <li>
          <p>
            tessssst didn't cry on 2021-09-27. "hi"
          </p>
        </li>
        <li>
          <div>
            <p>
              test3 cried on 2021-09-27. "test3"
            </p>
          </div>
        </li>
        <li>
          <p>
            test2 didn't cry on 2021-09-27. "test2"
          </p>
        </li>
        <li>
          <div>
            <p>
              DJ cried on 2021-09-27. "my sorrow is an ocean"
            </p>
          </div>
        </li>
      </ul>
      <a
        href="/edit"
      >
        <p>
          Edit an existing entry
        </p>
      </a>
    </div>
  </div>,
  "debug": [Function],
  "findAllByAltText": [Function],
  "findAllByDisplayValue": [Function],
  "findAllByLabelText": [Function],
  "findAllByPlaceholderText": [Function],
  "findAllByRole": [Function],
  "findAllByTestId": [Function],
  "findAllByText": [Function],
  "findAllByTitle": [Function],
  "findByAltText": [Function],
  "findByDisplayValue": [Function],
  "findByLabelText": [Function],
  "findByPlaceholderText": [Function],
  "findByRole": [Function],
  "findByTestId": [Function],
  "findByText": [Function],
  "findByTitle": [Function],
  "getAllByAltText": [Function],
  "getAllByDisplayValue": [Function],
  "getAllByLabelText": [Function],
  "getAllByPlaceholderText": [Function],
  "getAllByRole": [Function],
  "getAllByTestId": [Function],
  "getAllByText": [Function],
  "getAllByTitle": [Function],
  "getByAltText": [Function],
  "getByDisplayValue": [Function],
  "getByLabelText": [Function],
  "getByPlaceholderText": [Function],
  "getByRole": [Function],
  "getByTestId": [Function],
  "getByText": [Function],
  "getByTitle": [Function],
  "queryAllByAltText": [Function],
  "queryAllByDisplayValue": [Function],
  "queryAllByLabelText": [Function],
  "queryAllByPlaceholderText": [Function],
  "queryAllByRole": [Function],
  "queryAllByTestId": [Function],
  "queryAllByText": [Function],
  "queryAllByTitle": [Function],
  "queryByAltText": [Function],
  "queryByDisplayValue": [Function],
  "queryByLabelText": [Function],
  "queryByPlaceholderText": [Function],
  "queryByRole": [Function],
  "queryByTestId": [Function],
  "queryByText": [Function],
  "queryByTitle": [Function],
  "rerender": [Function],
  "unmount": [Function],
}
`;
